[0.321 info src/window/Window.cpp:60 loadFile] Loaded font $VALIDATION_WORKTREE/build/RVX Recorder Review Rack.app/Contents/Resources/res/fonts/DejaVuSans.ttf
[0.322 info src/window/Window.cpp:60 loadFile] Loaded font $VALIDATION_WORKTREE/build/RVX Recorder Review Rack.app/Contents/Resources/res/fonts/NotoSansJP-Medium.otf
[0.325 info src/window/Window.cpp:60 loadFile] Loaded font $VALIDATION_WORKTREE/build/RVX Recorder Review Rack.app/Contents/Resources/res/fonts/NotoSansSC-Medium.otf
[0.326 info src/window/Window.cpp:60 loadFile] Loaded font $VALIDATION_WORKTREE/build/RVX Recorder Review Rack.app/Contents/Resources/res/fonts/NotoEmoji-Medium.ttf
[0.326 info src/patch.cpp:331 load] Loading patch $VALIDATION_WORKTREE/build/RVX-Video-Recorder.vcv
[0.366 info src/rack/RackAdapter.cpp:305 syncRackUi] RVX adapter revision=1 nodes=4 edges=3 adapterErrors=0
[0.366 info src/rack/RackAdapter.cpp:335 syncRackUi] RVX diagnostics workerRun=1 renderFrames=1 renderDeadlineMisses=0 skippedTicks=0 lateTickSlots=0 p50Ms=0.550 p95Ms=0.550 p99Ms=0.550 lastMs=0.534 maxMs=0.534 histogramSaturated=0 renderErrors=0 renderErrorFrames=0 frameBytes=0 nodes=4 edges=3 adapterErrors=0 monitorSequence=0 sourceSequence=0
[0.368 info src/window/Window.cpp:60 loadFile] Loaded font $VALIDATION_WORKTREE/build/native-profile/plugins-mac-arm64/RVX/res/fonts/BarlowCondensed-SemiBold.ttf
[0.369 info src/window/Window.cpp:60 loadFile] Loaded font $VALIDATION_WORKTREE/build/native-profile/plugins-mac-arm64/RVX/res/fonts/BarlowCondensed-Regular.ttf
[1.334 info src/rack/RackAdapter.cpp:335 syncRackUi] RVX diagnostics workerRun=1 renderFrames=31 renderDeadlineMisses=0 skippedTicks=0 lateTickSlots=0 p50Ms=1.250 p95Ms=1.850 p99Ms=2.400 lastMs=1.637 maxMs=2.350 histogramSaturated=0 renderErrors=0 renderErrorFrames=0 frameBytes=12441600 nodes=4 edges=3 adapterErrors=0 monitorSequence=30 sourceSequence=0
[2.364 info src/rack/RackAdapter.cpp:335 syncRackUi] RVX diagnostics workerRun=1 renderFrames=61 renderDeadlineMisses=0 skippedTicks=0 lateTickSlots=0 p50Ms=1.600 p95Ms=2.400 p99Ms=3.550 lastMs=1.149 maxMs=3.537 histogramSaturated=0 renderErrors=0 renderErrorFrames=0 frameBytes=12441600 nodes=4 edges=3 adapterErrors=0 monitorSequence=60 sourceSequence=0
[3.394 info src/rack/RackAdapter.cpp:335 syncRackUi] RVX diagnostics workerRun=1 renderFrames=92 renderDeadlineMisses=0 skippedTicks=0 lateTickSlots=0 p50Ms=1.550 p95Ms=2.400 p99Ms=3.550 lastMs=1.491 maxMs=3.537 histogramSaturated=0 renderErrors=0 renderErrorFrames=0 frameBytes=12441600 nodes=4 edges=3 adapterErrors=0 monitorSequence=91 sourceSequence=0
[4.424 info src/rack/RackAdapter.cpp:335 syncRackUi] RVX diagnostics workerRun=1 renderFrames=123 renderDeadlineMisses=0 skippedTicks=0 lateTickSlots=0 p50Ms=1.600 p95Ms=2.250 p99Ms=2.550 lastMs=1.443 maxMs=3.537 histogramSaturated=0 renderErrors=0 renderErrorFrames=0 frameBytes=12441600 nodes=4 edges=3 adapterErrors=0 monitorSequence=122 sourceSequence=0
[5.454 info src/rack/RackAdapter.cpp:335 syncRackUi] RVX diagnostics workerRun=1 renderFrames=154 renderDeadlineMisses=0 skippedTicks=0 lateTickSlots=0 p50Ms=1.600 p95Ms=2.250 p99Ms=2.550 lastMs=2.262 maxMs=3.537 histogramSaturated=0 renderErrors=0 renderErrorFrames=0 frameBytes=12441600 nodes=4 edges=3 adapterErrors=0 monitorSequence=153 sourceSequence=0
[6.484 info src/rack/RackAdapter.cpp:335 syncRackUi] RVX diagnostics workerRun=1 renderFrames=185 renderDeadlineMisses=0 skippedTicks=0 lateTickSlots=0 p50Ms=1.600 p95Ms=2.200 p99Ms=2.550 lastMs=1.687 maxMs=3.537 histogramSaturated=0 renderErrors=0 renderErrorFrames=0 frameBytes=12441600 nodes=4 edges=3 adapterErrors=0 monitorSequence=184 sourceSequence=0
[7.513 info src/rack/RackAdapter.cpp:335 syncRackUi] RVX diagnostics workerRun=1 renderFrames=216 renderDeadlineMisses=0 skippedTicks=0 lateTickSlots=0 p50Ms=1.600 p95Ms=2.150 p99Ms=2.400 lastMs=1.895 maxMs=3.537 histogramSaturated=0 renderErrors=0 renderErrorFrames=0 frameBytes=12441600 nodes=4 edges=3 adapterErrors=0 monitorSequence=215 sourceSequence=0
[8.541 info src/rack/RackAdapter.cpp:335 syncRackUi] RVX diagnostics workerRun=1 renderFrames=247 renderDeadlineMisses=0 skippedTicks=0 lateTickSlots=0 p50Ms=1.550 p95Ms=2.150 p99Ms=2.400 lastMs=1.412 maxMs=3.537 histogramSaturated=0 renderErrors=0 renderErrorFrames=0 frameBytes=12441600 nodes=4 edges=3 adapterErrors=0 monitorSequence=246 sourceSequence=0
[9.570 info src/rack/RackAdapter.cpp:335 syncRackUi] RVX diagnostics workerRun=1 renderFrames=277 renderDeadlineMisses=0 skippedTicks=0 lateTickSlots=0 p50Ms=1.550 p95Ms=2.100 p99Ms=2.400 lastMs=1.417 maxMs=3.537 histogramSaturated=0 renderErrors=0 renderErrorFrames=0 frameBytes=12441600 nodes=4 edges=3 adapterErrors=0 monitorSequence=276 sourceSequence=0
[10.602 info src/rack/RackAdapter.cpp:335 syncRackUi] RVX diagnostics workerRun=1 renderFrames=308 renderDeadlineMisses=0 skippedTicks=0 lateTickSlots=0 p50Ms=1.500 p95Ms=2.050 p99Ms=2.400 lastMs=0.850 maxMs=3.537 histogramSaturated=0 renderErrors=0 renderErrorFrames=0 frameBytes=12441600 nodes=4 edges=3 adapterErrors=0 monitorSequence=307 sourceSequence=0
[11.630 info src/rack/RackAdapter.cpp:335 syncRackUi] RVX diagnostics workerRun=1 renderFrames=339 renderDeadlineMisses=0 skippedTicks=0 lateTickSlots=0 p50Ms=1.450 p95Ms=2.050 p99Ms=2.400 lastMs=1.146 maxMs=3.537 histogramSaturated=0 renderErrors=0 renderErrorFrames=0 frameBytes=12441600 nodes=4 edges=3 adapterErrors=0 monitorSequence=338 sourceSequence=0
[12.661 info src/rack/RackAdapter.cpp:335 syncRackUi] RVX diagnostics workerRun=1 renderFrames=370 renderDeadlineMisses=0 skippedTicks=0 lateTickSlots=0 p50Ms=1.450 p95Ms=2.050 p99Ms=2.400 lastMs=1.232 maxMs=3.537 histogramSaturated=0 renderErrors=0 renderErrorFrames=0 frameBytes=12441600 nodes=4 edges=3 adapterErrors=0 monitorSequence=369 sourceSequence=0
[13.689 info src/rack/RackAdapter.cpp:335 syncRackUi] RVX diagnostics workerRun=1 renderFrames=401 renderDeadlineMisses=0 skippedTicks=0 lateTickSlots=0 p50Ms=1.450 p95Ms=2.050 p99Ms=2.400 lastMs=1.422 maxMs=3.537 histogramSaturated=0 renderErrors=0 renderErrorFrames=0 frameBytes=12441600 nodes=4 edges=3 adapterErrors=0 monitorSequence=400 sourceSequence=0
[14.718 info src/rack/RackAdapter.cpp:335 syncRackUi] RVX diagnostics workerRun=1 renderFrames=432 renderDeadlineMisses=0 skippedTicks=0 lateTickSlots=0 p50Ms=1.450 p95Ms=2.050 p99Ms=2.400 lastMs=1.814 maxMs=3.537 histogramSaturated=0 renderErrors=0 renderErrorFrames=0 frameBytes=12441600 nodes=4 edges=3 adapterErrors=0 monitorSequence=431 sourceSequence=0
[15.027 info src/patch.cpp:270 saveAutosave] Saving autosave $VALIDATION_WORKTREE/build/native-profile/autosave/patch.json
[15.746 info src/rack/RackAdapter.cpp:335 syncRackUi] RVX diagnostics workerRun=1 renderFrames=462 renderDeadlineMisses=0 skippedTicks=0 lateTickSlots=0 p50Ms=1.450 p95Ms=2.000 p99Ms=2.400 lastMs=1.654 maxMs=3.537 histogramSaturated=0 renderErrors=0 renderErrorFrames=0 frameBytes=12441600 nodes=4 edges=3 adapterErrors=0 monitorSequence=461 sourceSequence=0
[16.168 info src/patch.cpp:132 save] Saving patch $VALIDATION_WORKTREE/build/RVX-Video-Recorder.vcv
[16.168 info src/patch.cpp:270 saveAutosave] Saving autosave $VALIDATION_WORKTREE/build/native-profile/autosave/patch.json
[16.773 info src/rack/RackAdapter.cpp:335 syncRackUi] RVX diagnostics workerRun=1 renderFrames=493 renderDeadlineMisses=0 skippedTicks=0 lateTickSlots=0 p50Ms=1.450 p95Ms=2.000 p99Ms=2.400 lastMs=1.251 maxMs=3.537 histogramSaturated=0 renderErrors=0 renderErrorFrames=0 frameBytes=12441600 nodes=4 edges=3 adapterErrors=0 monitorSequence=492 sourceSequence=0
[17.800 info src/rack/RackAdapter.cpp:335 syncRackUi] RVX diagnostics workerRun=1 renderFrames=524 renderDeadlineMisses=0 skippedTicks=0 lateTickSlots=0 p50Ms=1.400 p95Ms=2.000 p99Ms=2.300 lastMs=1.116 maxMs=3.537 histogramSaturated=0 renderErrors=0 renderErrorFrames=0 frameBytes=12441600 nodes=4 edges=3 adapterErrors=0 monitorSequence=523 sourceSequence=0
[18.827 info src/rack/RackAdapter.cpp:335 syncRackUi] RVX diagnostics workerRun=1 renderFrames=555 renderDeadlineMisses=0 skippedTicks=0 lateTickSlots=0 p50Ms=1.400 p95Ms=2.000 p99Ms=2.300 lastMs=0.918 maxMs=3.537 histogramSaturated=0 renderErrors=0 renderErrorFrames=0 frameBytes=12441600 nodes=4 edges=3 adapterErrors=0 monitorSequence=554 sourceSequence=0
[19.853 info src/rack/RackAdapter.cpp:335 syncRackUi] RVX diagnostics workerRun=1 renderFrames=586 renderDeadlineMisses=0 skippedTicks=0 lateTickSlots=0 p50Ms=1.400 p95Ms=2.000 p99Ms=2.300 lastMs=1.352 maxMs=3.537 histogramSaturated=0 renderErrors=0 renderErrorFrames=0 frameBytes=12441600 nodes=4 edges=3 adapterErrors=0 monitorSequence=585 sourceSequence=0
[24.169 info src/patch.cpp:331 load] Loading patch $VALIDATION_WORKTREE/build/RVX-Video-Recorder.vcv
[24.173 info src/rack/RackAdapter.cpp:305 syncRackUi] RVX adapter revision=1 nodes=4 edges=3 adapterErrors=0
[24.173 info src/rack/RackAdapter.cpp:335 syncRackUi] RVX diagnostics workerRun=2 renderFrames=1 renderDeadlineMisses=0 skippedTicks=0 lateTickSlots=0 p50Ms=0.450 p95Ms=0.450 p99Ms=0.450 lastMs=0.423 maxMs=0.423 histogramSaturated=0 renderErrors=0 renderErrorFrames=0 frameBytes=0 nodes=4 edges=3 adapterErrors=0 monitorSequence=0 sourceSequence=0
[24.683 info src/rack/RackAdapter.cpp:335 syncRackUi] RVX diagnostics workerRun=2 renderFrames=16 renderDeadlineMisses=0 skippedTicks=0 lateTickSlots=0 p50Ms=1.350 p95Ms=1.750 p99Ms=1.750 lastMs=1.301 maxMs=1.736 histogramSaturated=0 renderErrors=0 renderErrorFrames=0 frameBytes=12441600 nodes=4 edges=3 adapterErrors=0 monitorSequence=15 sourceSequence=0
[25.695 info src/rack/RackAdapter.cpp:335 syncRackUi] RVX diagnostics workerRun=2 renderFrames=46 renderDeadlineMisses=0 skippedTicks=0 lateTickSlots=0 p50Ms=1.350 p95Ms=1.800 p99Ms=1.950 lastMs=1.455 maxMs=1.913 histogramSaturated=0 renderErrors=0 renderErrorFrames=0 frameBytes=12441600 nodes=4 edges=3 adapterErrors=0 monitorSequence=45 sourceSequence=0
[26.722 info src/rack/RackAdapter.cpp:335 syncRackUi] RVX diagnostics workerRun=2 renderFrames=77 renderDeadlineMisses=0 skippedTicks=0 lateTickSlots=0 p50Ms=1.350 p95Ms=1.800 p99Ms=1.950 lastMs=1.313 maxMs=1.913 histogramSaturated=0 renderErrors=0 renderErrorFrames=0 frameBytes=12441600 nodes=4 edges=3 adapterErrors=0 monitorSequence=76 sourceSequence=0
[27.750 info src/rack/RackAdapter.cpp:335 syncRackUi] RVX diagnostics workerRun=2 renderFrames=108 renderDeadlineMisses=0 skippedTicks=0 lateTickSlots=0 p50Ms=1.350 p95Ms=1.750 p99Ms=1.900 lastMs=1.210 maxMs=1.913 histogramSaturated=0 renderErrors=0 renderErrorFrames=0 frameBytes=12441600 nodes=4 edges=3 adapterErrors=0 monitorSequence=107 sourceSequence=0
[28.776 info src/rack/RackAdapter.cpp:335 syncRackUi] RVX diagnostics workerRun=2 renderFrames=138 renderDeadlineMisses=0 skippedTicks=0 lateTickSlots=0 p50Ms=1.350 p95Ms=1.800 p99Ms=1.950 lastMs=0.963 maxMs=1.927 histogramSaturated=0 renderErrors=0 renderErrorFrames=0 frameBytes=12441600 nodes=4 edges=3 adapterErrors=0 monitorSequence=137 sourceSequence=0
[29.798 info src/rack/RackAdapter.cpp:335 syncRackUi] RVX diagnostics workerRun=2 renderFrames=169 renderDeadlineMisses=0 skippedTicks=0 lateTickSlots=0 p50Ms=1.350 p95Ms=1.750 p99Ms=1.950 lastMs=1.312 maxMs=1.927 histogramSaturated=0 renderErrors=0 renderErrorFrames=0 frameBytes=12441600 nodes=4 edges=3 adapterErrors=0 monitorSequence=168 sourceSequence=0
[30.038 info src/patch.cpp:270 saveAutosave] Saving autosave $VALIDATION_WORKTREE/build/native-profile/autosave/patch.json
[30.826 info src/rack/RackAdapter.cpp:335 syncRackUi] RVX diagnostics workerRun=2 renderFrames=200 renderDeadlineMisses=0 skippedTicks=0 lateTickSlots=0 p50Ms=1.350 p95Ms=1.750 p99Ms=1.900 lastMs=1.532 maxMs=1.927 histogramSaturated=0 renderErrors=0 renderErrorFrames=0 frameBytes=12441600 nodes=4 edges=3 adapterErrors=0 monitorSequence=199 sourceSequence=0
[31.854 info src/rack/RackAdapter.cpp:335 syncRackUi] RVX diagnostics workerRun=2 renderFrames=231 renderDeadlineMisses=0 skippedTicks=0 lateTickSlots=0 p50Ms=1.350 p95Ms=1.750 p99Ms=1.900 lastMs=1.443 maxMs=1.927 histogramSaturated=0 renderErrors=0 renderErrorFrames=0 frameBytes=12441600 nodes=4 edges=3 adapterErrors=0 monitorSequence=230 sourceSequence=0
[32.880 info src/rack/RackAdapter.cpp:335 syncRackUi] RVX diagnostics workerRun=2 renderFrames=261 renderDeadlineMisses=0 skippedTicks=0 lateTickSlots=0 p50Ms=1.350 p95Ms=1.750 p99Ms=1.900 lastMs=1.562 maxMs=1.927 histogramSaturated=0 renderErrors=0 renderErrorFrames=0 frameBytes=12441600 nodes=4 edges=3 adapterErrors=0 monitorSequence=260 sourceSequence=0
[33.904 info src/rack/RackAdapter.cpp:335 syncRackUi] RVX diagnostics workerRun=2 renderFrames=292 renderDeadlineMisses=0 skippedTicks=0 lateTickSlots=0 p50Ms=1.350 p95Ms=1.750 p99Ms=1.900 lastMs=1.218 maxMs=1.927 histogramSaturated=0 renderErrors=0 renderErrorFrames=0 frameBytes=12441600 nodes=4 edges=3 adapterErrors=0 monitorSequence=291 sourceSequence=0
[34.930 info src/rack/RackAdapter.cpp:335 syncRackUi] RVX diagnostics workerRun=2 renderFrames=323 renderDeadlineMisses=0 skippedTicks=0 lateTickSlots=0 p50Ms=1.350 p95Ms=1.750 p99Ms=1.950 lastMs=1.367 maxMs=1.982 histogramSaturated=0 renderErrors=0 renderErrorFrames=0 frameBytes=12441600 nodes=4 edges=3 adapterErrors=0 monitorSequence=322 sourceSequence=0
[35.955 info src/rack/RackAdapter.cpp:335 syncRackUi] RVX diagnostics workerRun=2 renderFrames=353 renderDeadlineMisses=0 skippedTicks=0 lateTickSlots=0 p50Ms=1.350 p95Ms=1.750 p99Ms=1.950 lastMs=1.475 maxMs=1.982 histogramSaturated=0 renderErrors=0 renderErrorFrames=0 frameBytes=12441600 nodes=4 edges=3 adapterErrors=0 monitorSequence=352 sourceSequence=0
[36.983 info src/rack/RackAdapter.cpp:335 syncRackUi] RVX diagnostics workerRun=2 renderFrames=384 renderDeadlineMisses=0 skippedTicks=0 lateTickSlots=0 p50Ms=1.350 p95Ms=1.750 p99Ms=1.950 lastMs=1.168 maxMs=1.982 histogramSaturated=0 renderErrors=0 renderErrorFrames=0 frameBytes=12441600 nodes=4 edges=3 adapterErrors=0 monitorSequence=383 sourceSequence=0
[38.010 info src/rack/RackAdapter.cpp:335 syncRackUi] RVX diagnostics workerRun=2 renderFrames=415 renderDeadlineMisses=0 skippedTicks=0 lateTickSlots=0 p50Ms=1.350 p95Ms=1.750 p99Ms=1.950 lastMs=1.429 maxMs=1.982 histogramSaturated=0 renderErrors=0 renderErrorFrames=0 frameBytes=12441600 nodes=4 edges=3 adapterErrors=0 monitorSequence=414 sourceSequence=0
[39.036 info src/rack/RackAdapter.cpp:335 syncRackUi] RVX diagnostics workerRun=2 renderFrames=446 renderDeadlineMisses=0 skippedTicks=0 lateTickSlots=0 p50Ms=1.350 p95Ms=1.800 p99Ms=1.950 lastMs=1.342 maxMs=1.982 histogramSaturated=0 renderErrors=0 renderErrorFrames=0 frameBytes=12441600 nodes=4 edges=3 adapterErrors=0 monitorSequence=445 sourceSequence=0
[40.064 info src/rack/RackAdapter.cpp:335 syncRackUi] RVX diagnostics workerRun=2 renderFrames=477 renderDeadlineMisses=0 skippedTicks=0 lateTickSlots=0 p50Ms=1.350 p95Ms=1.800 p99Ms=1.950 lastMs=1.316 maxMs=3.501 histogramSaturated=0 renderErrors=0 renderErrorFrames=0 frameBytes=12441600 nodes=4 edges=3 adapterErrors=0 monitorSequence=476 sourceSequence=0
[41.091 info src/rack/RackAdapter.cpp:335 syncRackUi] RVX diagnostics workerRun=2 renderFrames=507 renderDeadlineMisses=0 skippedTicks=0 lateTickSlots=0 p50Ms=1.350 p95Ms=1.750 p99Ms=1.950 lastMs=1.463 maxMs=3.501 histogramSaturated=0 renderErrors=0 renderErrorFrames=0 frameBytes=12441600 nodes=4 edges=3 adapterErrors=0 monitorSequence=506 sourceSequence=0
[42.120 info src/rack/RackAdapter.cpp:335 syncRackUi] RVX diagnostics workerRun=2 renderFrames=538 renderDeadlineMisses=0 skippedTicks=0 lateTickSlots=0 p50Ms=1.350 p95Ms=1.750 p99Ms=1.950 lastMs=1.377 maxMs=3.501 histogramSaturated=0 renderErrors=0 renderErrorFrames=0 frameBytes=12441600 nodes=4 edges=3 adapterErrors=0 monitorSequence=537 sourceSequence=0
[43.148 info src/rack/RackAdapter.cpp:335 syncRackUi] RVX diagnostics workerRun=2 renderFrames=569 renderDeadlineMisses=0 skippedTicks=0 lateTickSlots=0 p50Ms=1.350 p95Ms=1.750 p99Ms=1.950 lastMs=1.320 maxMs=3.501 histogramSaturated=0 renderErrors=0 renderErrorFrames=0 frameBytes=12441600 nodes=4 edges=3 adapterErrors=0 monitorSequence=568 sourceSequence=0
[44.177 info src/rack/RackAdapter.cpp:335 syncRackUi] RVX diagnostics workerRun=2 renderFrames=600 renderDeadlineMisses=0 skippedTicks=0 lateTickSlots=0 p50Ms=1.350 p95Ms=1.750 p99Ms=1.950 lastMs=1.421 maxMs=3.501 histogramSaturated=0 renderErrors=0 renderErrorFrames=0 frameBytes=12441600 nodes=4 edges=3 adapterErrors=0 monitorSequence=599 sourceSequence=0
[45.063 info src/patch.cpp:270 saveAutosave] Saving autosave $VALIDATION_WORKTREE/build/native-profile/autosave/patch.json
[45.199 info src/rack/RackAdapter.cpp:335 syncRackUi] RVX diagnostics workerRun=2 renderFrames=631 renderDeadlineMisses=0 skippedTicks=0 lateTickSlots=0 p50Ms=1.350 p95Ms=1.750 p99Ms=1.950 lastMs=1.670 maxMs=3.501 histogramSaturated=0 renderErrors=0 renderErrorFrames=0 frameBytes=12441600 nodes=4 edges=3 adapterErrors=0 monitorSequence=630 sourceSequence=0
[46.157 info src/patch.cpp:132 save] Saving patch $VALIDATION_WORKTREE/build/RVX-Video-Recorder.vcv
[46.157 info src/patch.cpp:270 saveAutosave] Saving autosave $VALIDATION_WORKTREE/build/native-profile/autosave/patch.json
[46.225 info src/rack/RackAdapter.cpp:335 syncRackUi] RVX diagnostics workerRun=2 renderFrames=661 renderDeadlineMisses=0 skippedTicks=0 lateTickSlots=0 p50Ms=1.350 p95Ms=1.750 p99Ms=1.950 lastMs=1.354 maxMs=3.501 histogramSaturated=0 renderErrors=0 renderErrorFrames=0 frameBytes=12441600 nodes=4 edges=3 adapterErrors=0 monitorSequence=660 sourceSequence=0
[47.252 info src/rack/RackAdapter.cpp:335 syncRackUi] RVX diagnostics workerRun=2 renderFrames=692 renderDeadlineMisses=0 skippedTicks=0 lateTickSlots=0 p50Ms=1.350 p95Ms=1.750 p99Ms=1.950 lastMs=1.550 maxMs=3.501 histogramSaturated=0 renderErrors=0 renderErrorFrames=0 frameBytes=12441600 nodes=4 edges=3 adapterErrors=0 monitorSequence=691 sourceSequence=0
[48.279 info src/rack/RackAdapter.cpp:335 syncRackUi] RVX diagnostics workerRun=2 renderFrames=723 renderDeadlineMisses=0 skippedTicks=0 lateTickSlots=0 p50Ms=1.400 p95Ms=1.800 p99Ms=1.950 lastMs=1.609 maxMs=3.501 histogramSaturated=0 renderErrors=0 renderErrorFrames=0 frameBytes=12441600 nodes=4 edges=3 adapterErrors=0 monitorSequence=722 sourceSequence=0
[49.309 info src/rack/RackAdapter.cpp:335 syncRackUi] RVX diagnostics workerRun=2 renderFrames=754 renderDeadlineMisses=0 skippedTicks=0 lateTickSlots=0 p50Ms=1.400 p95Ms=1.800 p99Ms=1.950 lastMs=1.436 maxMs=3.501 histogramSaturated=0 renderErrors=0 renderErrorFrames=0 frameBytes=12441600 nodes=4 edges=3 adapterErrors=0 monitorSequence=753 sourceSequence=0
[52.875 info src/patch.cpp:331 load] Loading patch $VALIDATION_WORKTREE/build/recorder-native-100.vcv
[52.878 info src/rack/RackAdapter.cpp:305 syncRackUi] RVX adapter revision=1 nodes=4 edges=3 adapterErrors=0
[52.878 info src/rack/RackAdapter.cpp:335 syncRackUi] RVX diagnostics workerRun=3 renderFrames=1 renderDeadlineMisses=0 skippedTicks=0 lateTickSlots=0 p50Ms=0.200 p95Ms=0.200 p99Ms=0.200 lastMs=0.181 maxMs=0.181 histogramSaturated=0 renderErrors=0 renderErrorFrames=0 frameBytes=0 nodes=4 edges=3 adapterErrors=0 monitorSequence=0 sourceSequence=0
[53.379 info src/rack/RackAdapter.cpp:335 syncRackUi] RVX diagnostics workerRun=3 renderFrames=15 renderDeadlineMisses=0 skippedTicks=0 lateTickSlots=0 p50Ms=1.150 p95Ms=2.050 p99Ms=2.050 lastMs=1.520 maxMs=2.002 histogramSaturated=0 renderErrors=0 renderErrorFrames=0 frameBytes=12441600 nodes=4 edges=3 adapterErrors=0 monitorSequence=14 sourceSequence=0
[54.403 info src/rack/RackAdapter.cpp:335 syncRackUi] RVX diagnostics workerRun=3 renderFrames=46 renderDeadlineMisses=0 skippedTicks=0 lateTickSlots=0 p50Ms=1.550 p95Ms=1.750 p99Ms=2.050 lastMs=1.550 maxMs=2.002 histogramSaturated=0 renderErrors=0 renderErrorFrames=0 frameBytes=12441600 nodes=4 edges=3 adapterErrors=0 monitorSequence=45 sourceSequence=0
[55.431 info src/rack/RackAdapter.cpp:335 syncRackUi] RVX diagnostics workerRun=3 renderFrames=77 renderDeadlineMisses=0 skippedTicks=0 lateTickSlots=0 p50Ms=1.550 p95Ms=1.750 p99Ms=2.050 lastMs=1.490 maxMs=2.002 histogramSaturated=0 renderErrors=0 renderErrorFrames=0 frameBytes=12441600 nodes=4 edges=3 adapterErrors=0 monitorSequence=76 sourceSequence=0
[56.461 info src/rack/RackAdapter.cpp:335 syncRackUi] RVX diagnostics workerRun=3 renderFrames=108 renderDeadlineMisses=0 skippedTicks=0 lateTickSlots=0 p50Ms=1.500 p95Ms=1.800 p99Ms=1.900 lastMs=1.798 maxMs=2.002 histogramSaturated=0 renderErrors=0 renderErrorFrames=0 frameBytes=12441600 nodes=4 edges=3 adapterErrors=0 monitorSequence=107 sourceSequence=0
[57.492 info src/rack/RackAdapter.cpp:335 syncRackUi] RVX diagnostics workerRun=3 renderFrames=139 renderDeadlineMisses=0 skippedTicks=0 lateTickSlots=0 p50Ms=1.450 p95Ms=1.800 p99Ms=1.900 lastMs=1.622 maxMs=2.002 histogramSaturated=0 renderErrors=0 renderErrorFrames=0 frameBytes=12441600 nodes=4 edges=3 adapterErrors=0 monitorSequence=138 sourceSequence=0
[58.515 info src/rack/RackAdapter.cpp:335 syncRackUi] RVX diagnostics workerRun=3 renderFrames=169 renderDeadlineMisses=0 skippedTicks=0 lateTickSlots=0 p50Ms=1.400 p95Ms=1.800 p99Ms=1.900 lastMs=1.528 maxMs=2.002 histogramSaturated=0 renderErrors=0 renderErrorFrames=0 frameBytes=12441600 nodes=4 edges=3 adapterErrors=0 monitorSequence=168 sourceSequence=0
[59.542 info src/rack/RackAdapter.cpp:335 syncRackUi] RVX diagnostics workerRun=3 renderFrames=200 renderDeadlineMisses=0 skippedTicks=0 lateTickSlots=0 p50Ms=1.400 p95Ms=1.800 p99Ms=1.900 lastMs=1.544 maxMs=2.002 histogramSaturated=0 renderErrors=0 renderErrorFrames=0 frameBytes=12441600 nodes=4 edges=3 adapterErrors=0 monitorSequence=199 sourceSequence=0
[60.089 info src/patch.cpp:270 saveAutosave] Saving autosave $VALIDATION_WORKTREE/build/native-profile/autosave/patch.json
[63.468 info src/patch.cpp:331 load] Loading patch $VALIDATION_WORKTREE/build/recall-settings-input.vcv
[63.471 info src/rack/RackAdapter.cpp:305 syncRackUi] RVX adapter revision=1 nodes=4 edges=3 adapterErrors=0
[63.471 info src/rack/RackAdapter.cpp:335 syncRackUi] RVX diagnostics workerRun=4 renderFrames=1 renderDeadlineMisses=0 skippedTicks=0 lateTickSlots=0 p50Ms=0.250 p95Ms=0.250 p99Ms=0.250 lastMs=0.246 maxMs=0.246 histogramSaturated=0 renderErrors=0 renderErrorFrames=0 frameBytes=0 nodes=4 edges=3 adapterErrors=0 monitorSequence=0 sourceSequence=0
[63.957 info src/rack/RackAdapter.cpp:335 syncRackUi] RVX diagnostics workerRun=4 renderFrames=15 renderDeadlineMisses=0 skippedTicks=0 lateTickSlots=0 p50Ms=1.400 p95Ms=3.600 p99Ms=3.600 lastMs=3.583 maxMs=3.583 histogramSaturated=0 renderErrors=0 renderErrorFrames=0 frameBytes=12441600 nodes=4 edges=3 adapterErrors=0 monitorSequence=14 sourceSequence=0
[64.979 info src/rack/RackAdapter.cpp:335 syncRackUi] RVX diagnostics workerRun=4 renderFrames=46 renderDeadlineMisses=0 skippedTicks=0 lateTickSlots=0 p50Ms=1.500 p95Ms=2.250 p99Ms=3.600 lastMs=1.519 maxMs=3.583 histogramSaturated=0 renderErrors=0 renderErrorFrames=0 frameBytes=12441600 nodes=4 edges=3 adapterErrors=0 monitorSequence=45 sourceSequence=0
[66.004 info src/rack/RackAdapter.cpp:335 syncRackUi] RVX diagnostics workerRun=4 renderFrames=76 renderDeadlineMisses=0 skippedTicks=0 lateTickSlots=0 p50Ms=1.550 p95Ms=2.100 p99Ms=3.600 lastMs=1.470 maxMs=3.583 histogramSaturated=0 renderErrors=0 renderErrorFrames=0 frameBytes=12441600 nodes=4 edges=3 adapterErrors=0 monitorSequence=75 sourceSequence=0
[67.032 info src/rack/RackAdapter.cpp:335 syncRackUi] RVX diagnostics workerRun=4 renderFrames=107 renderDeadlineMisses=0 skippedTicks=0 lateTickSlots=0 p50Ms=1.600 p95Ms=2.150 p99Ms=2.650 lastMs=1.632 maxMs=3.583 histogramSaturated=0 renderErrors=0 renderErrorFrames=0 frameBytes=12441600 nodes=4 edges=3 adapterErrors=0 monitorSequence=106 sourceSequence=0
[68.056 info src/rack/RackAdapter.cpp:335 syncRackUi] RVX diagnostics workerRun=4 renderFrames=138 renderDeadlineMisses=0 skippedTicks=0 lateTickSlots=0 p50Ms=1.600 p95Ms=2.150 p99Ms=2.800 lastMs=1.688 maxMs=3.583 histogramSaturated=0 renderErrors=0 renderErrorFrames=0 frameBytes=12441600 nodes=4 edges=3 adapterErrors=0 monitorSequence=137 sourceSequence=0
[69.082 info src/rack/RackAdapter.cpp:335 syncRackUi] RVX diagnostics workerRun=4 renderFrames=169 renderDeadlineMisses=0 skippedTicks=0 lateTickSlots=0 p50Ms=1.600 p95Ms=2.100 p99Ms=2.800 lastMs=1.583 maxMs=3.583 histogramSaturated=0 renderErrors=0 renderErrorFrames=0 frameBytes=12441600 nodes=4 edges=3 adapterErrors=0 monitorSequence=168 sourceSequence=0
[70.112 info src/rack/RackAdapter.cpp:335 syncRackUi] RVX diagnostics workerRun=4 renderFrames=199 renderDeadlineMisses=0 skippedTicks=0 lateTickSlots=0 p50Ms=1.500 p95Ms=2.100 p99Ms=2.800 lastMs=1.053 maxMs=3.583 histogramSaturated=0 renderErrors=0 renderErrorFrames=0 frameBytes=12441600 nodes=4 edges=3 adapterErrors=0 monitorSequence=198 sourceSequence=0
[70.319 info src/patch.cpp:132 save] Saving patch $VALIDATION_WORKTREE/build/recall-settings-input.vcv
[70.319 info src/patch.cpp:270 saveAutosave] Saving autosave $VALIDATION_WORKTREE/build/native-profile/autosave/patch.json
[71.141 info src/rack/RackAdapter.cpp:335 syncRackUi] RVX diagnostics workerRun=4 renderFrames=230 renderDeadlineMisses=0 skippedTicks=0 lateTickSlots=0 p50Ms=1.500 p95Ms=2.050 p99Ms=2.650 lastMs=1.559 maxMs=3.583 histogramSaturated=0 renderErrors=0 renderErrorFrames=0 frameBytes=12441600 nodes=4 edges=3 adapterErrors=0 monitorSequence=229 sourceSequence=0
[72.171 info src/rack/RackAdapter.cpp:335 syncRackUi] RVX diagnostics workerRun=4 renderFrames=261 renderDeadlineMisses=0 skippedTicks=0 lateTickSlots=0 p50Ms=1.500 p95Ms=2.050 p99Ms=2.650 lastMs=1.622 maxMs=3.583 histogramSaturated=0 renderErrors=0 renderErrorFrames=0 frameBytes=12441600 nodes=4 edges=3 adapterErrors=0 monitorSequence=260 sourceSequence=0
[73.197 info src/rack/RackAdapter.cpp:335 syncRackUi] RVX diagnostics workerRun=4 renderFrames=292 renderDeadlineMisses=0 skippedTicks=0 lateTickSlots=0 p50Ms=1.500 p95Ms=2.100 p99Ms=2.800 lastMs=1.427 maxMs=3.583 histogramSaturated=0 renderErrors=0 renderErrorFrames=0 frameBytes=12441600 nodes=4 edges=3 adapterErrors=0 monitorSequence=291 sourceSequence=0
[74.226 info src/rack/RackAdapter.cpp:335 syncRackUi] RVX diagnostics workerRun=4 renderFrames=323 renderDeadlineMisses=0 skippedTicks=0 lateTickSlots=0 p50Ms=1.550 p95Ms=2.100 p99Ms=2.650 lastMs=1.179 maxMs=3.583 histogramSaturated=0 renderErrors=0 renderErrorFrames=0 frameBytes=12441600 nodes=4 edges=3 adapterErrors=0 monitorSequence=322 sourceSequence=0
[75.115 info src/patch.cpp:270 saveAutosave] Saving autosave $VALIDATION_WORKTREE/build/native-profile/autosave/patch.json
[75.253 info src/rack/RackAdapter.cpp:335 syncRackUi] RVX diagnostics workerRun=4 renderFrames=354 renderDeadlineMisses=0 skippedTicks=0 lateTickSlots=0 p50Ms=1.550 p95Ms=2.100 p99Ms=2.650 lastMs=1.712 maxMs=3.583 histogramSaturated=0 renderErrors=0 renderErrorFrames=0 frameBytes=12441600 nodes=4 edges=3 adapterErrors=0 monitorSequence=353 sourceSequence=0
[76.278 info src/rack/RackAdapter.cpp:335 syncRackUi] RVX diagnostics workerRun=4 renderFrames=384 renderDeadlineMisses=0 skippedTicks=0 lateTickSlots=0 p50Ms=1.550 p95Ms=2.100 p99Ms=2.800 lastMs=1.257 maxMs=3.690 histogramSaturated=0 renderErrors=0 renderErrorFrames=0 frameBytes=12441600 nodes=4 edges=3 adapterErrors=0 monitorSequence=383 sourceSequence=0
[77.307 info src/rack/RackAdapter.cpp:335 syncRackUi] RVX diagnostics workerRun=4 renderFrames=415 renderDeadlineMisses=0 skippedTicks=0 lateTickSlots=0 p50Ms=1.550 p95Ms=2.100 p99Ms=2.800 lastMs=1.770 maxMs=3.690 histogramSaturated=0 renderErrors=0 renderErrorFrames=0 frameBytes=12441600 nodes=4 edges=3 adapterErrors=0 monitorSequence=414 sourceSequence=0
[78.336 info src/rack/RackAdapter.cpp:335 syncRackUi] RVX diagnostics workerRun=4 renderFrames=446 renderDeadlineMisses=0 skippedTicks=0 lateTickSlots=0 p50Ms=1.600 p95Ms=2.150 p99Ms=2.800 lastMs=1.613 maxMs=3.690 histogramSaturated=0 renderErrors=0 renderErrorFrames=0 frameBytes=12441600 nodes=4 edges=3 adapterErrors=0 monitorSequence=445 sourceSequence=0
[79.363 info src/rack/RackAdapter.cpp:335 syncRackUi] RVX diagnostics workerRun=4 renderFrames=477 renderDeadlineMisses=0 skippedTicks=0 lateTickSlots=0 p50Ms=1.600 p95Ms=2.200 p99Ms=3.000 lastMs=1.911 maxMs=3.690 histogramSaturated=0 renderErrors=0 renderErrorFrames=0 frameBytes=12441600 nodes=4 edges=3 adapterErrors=0 monitorSequence=476 sourceSequence=0
[79.819 info src/patch.cpp:270 saveAutosave] Saving autosave $VALIDATION_WORKTREE/build/native-profile/autosave/patch.json
